                                   MODFLOW 6
                U.S. GEOLOGICAL SURVEY MODULAR HYDROLOGIC MODEL
                   VERSION 6.3.0 release candidate 07/30/2021
                               ***DEVELOP MODE***

   MODFLOW 6 compiled Oct 27 2021 07:53:31 with IFORT compiler (ver. 20.21.1)

This software is preliminary or provisional and is subject to 
revision. It is being provided to meet the need for timely best 
science. The software has not received final approval by the U.S. 
Geological Survey (USGS). No warranty, expressed or implied, is made 
by the USGS or the U.S. Government as to the functionality of the 
software and related material nor shall the fact of release 
constitute any such warranty. The software is provided on the 
condition that neither the USGS nor the U.S. Government shall be held 
liable for any damages resulting from the authorized or unauthorized 
use of the software.


System command used to initiate simulation:
C:\Users\rmacasieb\Documents\GitHub\pestpp\benchmarks\test_bin\win\mf6.exe

MODFLOW was compiled using uniform precision.

Real Variables
  KIND: 8
  TINY (smallest non-zero value):    2.225074-308
  HUGE (largest value):    1.797693+308
  PRECISION: 15
  BIT SIZE: 64

Integer Variables
  KIND: 4
  HUGE (largest value): 2147483647
  BIT SIZE: 32

Long Integer Variables
  KIND: 8
  HUGE (largest value): 9223372036854775807
  BIT SIZE: 64

Logical Variables
  KIND: 4
  BIT SIZE: 32
 

 OPENED mfsim.nam
 FILE TYPE:NAM   UNIT 1001   STATUS:OLD                 
 FORMAT:FORMATTED              ACCESS:SEQUENTIAL          
 ACTION:READ                


 READING SIMULATION OPTIONS
    SIMULATION WILL CONTINUE EVEN IF THERE IS NONCONVERGENCE.
 END OF SIMULATION OPTIONS

 READING SIMULATION TIMING

 OPENED freyberg6.tdis
 FILE TYPE:TDIS   UNIT 1002   STATUS:OLD                 
 FORMAT:FORMATTED              ACCESS:SEQUENTIAL          
 ACTION:READ                


 TDIS -- TEMPORAL DISCRETIZATION PACKAGE,
 VERSION 1 : 11/13/2014 - INPUT READ FROM UNIT 1002
 PROCESSING TDIS OPTIONS
    SIMULATION TIME UNIT IS DAYS
 END OF TDIS OPTIONS
 PROCESSING TDIS DIMENSIONS
   25 STRESS PERIOD(S) IN SIMULATION
 END OF TDIS DIMENSIONS
 PROCESSING TDIS PERIODDATA


 STRESS PERIOD     LENGTH       TIME STEPS     MULTIPLIER FOR DELT
 ----------------------------------------------------------------------------
        1         3652.500          1                    1.000
        2         31.00000          1                    1.000
        3         29.00000          1                    1.000
        4         31.00000          1                    1.000
        5         30.00000          1                    1.000
        6         31.00000          1                    1.000
        7         30.00000          1                    1.000
        8         31.00000          1                    1.000
        9         31.00000          1                    1.000
       10         30.00000          1                    1.000
       11         31.00000          1                    1.000
       12         30.00000          1                    1.000
       13         31.00000          1                    1.000
       14         31.00000          1                    1.000
       15         28.00000          1                    1.000
       16         31.00000          1                    1.000
       17         30.00000          1                    1.000
       18         31.00000          1                    1.000
       19         30.00000          1                    1.000
       20         31.00000          1                    1.000
       21         31.00000          1                    1.000
       22         30.00000          1                    1.000
       23         31.00000          1                    1.000
       24         30.00000          1                    1.000
       25         31.00000          1                    1.000
 END OF TDIS PERIODDATA
 END OF SIMULATION TIMING

 READING SIMULATION MODELS
    GWF6 model FREYBERG6 will be created as model 1
 END OF SIMULATION MODELS

 READING SIMULATION EXCHANGES
 END OF SIMULATION EXCHANGES

 READING SOLUTIONGROUP

 Creating solution: SLN_1           

 OPENED freyberg6.ims
 FILE TYPE:IMS   UNIT 1015   STATUS:OLD                 
 FORMAT:FORMATTED              ACCESS:SEQUENTIAL          
 ACTION:READ                

 END OF SIMULATION SOLUTIONGROUP

PROCESSING MODEL CONNECTIONS

ERROR REPORT:

  1.       SPECIFIED FILE STATUS: OLD
  2.       SPECIFIED FILE FORMAT: FORMATTED
  3.       SPECIFIED FILE ACCESS: SEQUENTIAL
  4.       SPECIFIED FILE ACTION: READ
  5.         IOSTAT ERROR NUMBER: 29
  6.  -- STOP EXECUTION (openfile)

